// Jest Snapshot v1, https://goo.gl/fbAQLP

exports[`matches snapshot 1`] = `
<DocumentFragment>
  <div
    class="col-3 mt-5"
  >
    <div
      class="Box"
    />
    <button
      class="btn btn-sm btn-danger mt-1"
    >
      Delete me!
    </button>
  </div>
</DocumentFragment>
`;
